// Jest Snapshot v1, https://goo.gl/fbAQLP

exports[`(Component) SvgIcons should match snapshot. 1`] = `ShallowWrapper {}`;
