// Jest Snapshot v1, https://goo.gl/fbAQLP

exports[`(Component) WeatherWidget should match snapshot. 1`] = `ShallowWrapper {}`;
