// Jest Snapshot v1, https://goo.gl/fbAQLP

exports[`(Component) WeatherImage should match snapshot. 1`] = `ShallowWrapper {}`;
